<html>
<body>
<pre>
<h1>礦ision Build Log</h1>
<h2>Tool Versions:</h2>
IDE-Version: μVision V5.24.2.0
Copyright (C) 2017 ARM Ltd and ARM Germany GmbH. All rights reserved.
License Information: HUI TU, robot, LIC=8VRJ7-EZGFQ-LQ10Q-NMEYH-VDYA4-ZPKS5
 
Tool Versions:
Toolchain:       MDK-ARM Plus  Version: 5.24.1
Toolchain Path:  F:\stm32\ARM\ARMCC\Bin
C Compiler:      Armcc.exe V5.06 update 5 (build 528)
Assembler:       Armasm.exe V5.06 update 5 (build 528)
Linker/Locator:  ArmLink.exe V5.06 update 5 (build 528)
Library Manager: ArmAr.exe V5.06 update 5 (build 528)
Hex Converter:   FromElf.exe V5.06 update 5 (build 528)
CPU DLL:         SARMCM3.DLL V5.24.1
Dialog DLL:      DCM.DLL V1.16.0.0
Target DLL:      STLink\ST-LINKIII-KEIL_SWO.dll V3.0.1.0
Dialog DLL:      TCM.DLL V1.32.0.0
 
<h2>Project:</h2>
C:\Users\tuhui\Desktop\机器人竞赛\校赛\code_RCT6 - quickly - 副本\Project.uvprojx
Project File Date:  03/14/2025

<h2>Output:</h2>
*** Using Compiler 'V5.06 update 5 (build 528)', folder: 'F:\stm32\ARM\ARMCC\Bin'
Rebuild target 'Target 1'
compiling stm32f10x_crc.c...
compiling stm32f10x_bkp.c...
compiling stm32f10x_dbgmcu.c...
compiling system_stm32f10x.c...
compiling stm32f10x_can.c...
assembling startup_stm32f10x_hd.s...
compiling misc.c...
compiling stm32f10x_dac.c...
compiling stm32f10x_dma.c...
compiling stm32f10x_exti.c...
compiling stm32f10x_flash.c...
compiling stm32f10x_gpio.c...
compiling stm32f10x_iwdg.c...
compiling stm32f10x_fsmc.c...
compiling stm32f10x_i2c.c...
compiling stm32f10x_pwr.c...
compiling stm32f10x_rcc.c...
compiling stm32f10x_rtc.c...
compiling stm32f10x_sdio.c...
compiling stm32f10x_spi.c...
compiling stm32f10x_wwdg.c...
compiling sys.c...
compiling stm32f10x_usart.c...
compiling delay.c...
compiling stm32f10x_tim.c...
compiling INCLUDE.c...
.\HardWare\HCSR04.h(13): warning:  #1295-D: Deprecated declaration HCSR04_Start - give arg types
  void HCSR04_Start();
.\HardWare\HCSR04.h(14): warning:  #1295-D: Deprecated declaration HCSR04_GetValue - give arg types
  uint16_t HCSR04_GetValue();
System\INCLUDE.c: 2 warnings, 0 errors
compiling Timer.c...
.\System\Timer.h(4): warning:  #1295-D: Deprecated declaration Time_Init - give arg types
  void Time_Init();
HardWare\HCSR04.h(13): warning:  #1295-D: Deprecated declaration HCSR04_Start - give arg types
  void HCSR04_Start();
HardWare\HCSR04.h(14): warning:  #1295-D: Deprecated declaration HCSR04_GetValue - give arg types
  uint16_t HCSR04_GetValue();
HardWare\Timer.c(45): warning:  #1-D: last line of file ends without a newline
  }
HardWare\Timer.c: 4 warnings, 0 errors
compiling Buzzer.c...
compiling Go.c...
.\HardWare\HCSR04.h(13): warning:  #1295-D: Deprecated declaration HCSR04_Start - give arg types
  void HCSR04_Start();
.\HardWare\HCSR04.h(14): warning:  #1295-D: Deprecated declaration HCSR04_GetValue - give arg types
  uint16_t HCSR04_GetValue();
HardWare\Go.c: 2 warnings, 0 errors
compiling PWM.c...
compiling motor.c...
.\HardWare\HCSR04.h(13): warning:  #1295-D: Deprecated declaration HCSR04_Start - give arg types
  void HCSR04_Start();
.\HardWare\HCSR04.h(14): warning:  #1295-D: Deprecated declaration HCSR04_GetValue - give arg types
  uint16_t HCSR04_GetValue();
HardWare\motor.c: 2 warnings, 0 errors
compiling track.c...
HardWare\track.c(30): warning:  #111-D: statement is unreachable
  			break;
HardWare\track.c(34): warning:  #111-D: statement is unreachable
  			break;
HardWare\track.c(38): warning:  #111-D: statement is unreachable
  			break;
HardWare\track.c(42): warning:  #111-D: statement is unreachable
  			break;
HardWare\track.c(46): warning:  #111-D: statement is unreachable
  			break;
HardWare\track.c(50): warning:  #111-D: statement is unreachable
  			break;
HardWare\track.c(54): warning:  #111-D: statement is unreachable
  			break;
HardWare\track.c: 7 warnings, 0 errors
compiling OLED.c...
compiling ULNmotor.c...
compiling HCSR04.c...
HardWare\HCSR04.h(13): warning:  #1295-D: Deprecated declaration HCSR04_Start - give arg types
  void HCSR04_Start();
HardWare\HCSR04.h(14): warning:  #1295-D: Deprecated declaration HCSR04_GetValue - give arg types
  uint16_t HCSR04_GetValue();
.\System\Timer.h(4): warning:  #1295-D: Deprecated declaration Time_Init - give arg types
  void Time_Init();
HardWare\HCSR04.c(39): warning:  #1-D: last line of file ends without a newline
  }
HardWare\HCSR04.c: 4 warnings, 0 errors
compiling main.c...
.\HardWare\HCSR04.h(13): warning:  #1295-D: Deprecated declaration HCSR04_Start - give arg types
  void HCSR04_Start();
.\HardWare\HCSR04.h(14): warning:  #1295-D: Deprecated declaration HCSR04_GetValue - give arg types
  uint16_t HCSR04_GetValue();
User\main.c: 2 warnings, 0 errors
compiling stm32f10x_it.c...
compiling stm32f10x_adc.c...
compiling stm32f10x_cec.c...
compiling core_cm3.c...
linking...
Program Size: Code=5172 RO-data=336 RW-data=120 ZI-data=1632  
".\Objects\Project.axf" - 0 Error(s), 23 Warning(s).

<h2>Software Packages used:</h2>

Package Vendor: Keil
                http://www.keil.com/pack/Keil.STM32F1xx_DFP.2.2.0.pack
                Keil.STM32F1xx_DFP.2.2.0
                STMicroelectronics STM32F1 Series Device Support, Drivers and Examples

<h2>Collection of Component include folders:</h2>
  .\RTE\_Target_1
  F:\stm32\ARM\PACK\Keil\STM32F1xx_DFP\2.2.0\Device\Include

<h2>Collection of Component Files used:</h2>
Build Time Elapsed:  00:00:42
</pre>
</body>
</html>
